// Jest Snapshot v1, https://goo.gl/fbAQLP

exports[`HTML renders correctly 1`] = `
<html
  lang="ja"
>
  <head>
    <meta
      charSet="utf-8"
    />
    <meta
      content="ie=edge"
      httpEquiv="x-ua-compatible"
    />
    <meta
      content="width=device-width, initial-scale=1, shrink-to-fit=no"
      name="viewport"
    />
    <link
      href="opensearch.xml"
      rel="search"
      type="application/opensearchdescription+xml"
    />
  </head>
  <body>
    <div
      id="___loader"
      style={
        Object {
          "alignItems": "center",
          "backgroundColor": "#282a37",
          "bottom": 0,
          "display": "flex",
          "justifyContent": "center",
          "left": 0,
          "position": "absolute",
          "right": 0,
          "top": 0,
          "zIndex": 100,
        }
      }
    >
      <img
        alt="loading spinner"
        height="100"
        src="test-file-stub"
        width="100"
      />
    </div>
    <div
      dangerouslySetInnerHTML={
        Object {
          "__html": "",
        }
      }
      id="___gatsby"
    />
  </body>
</html>
`;
